2025-05-31T13:48:23,142 [INFO ] main org.pytorch.serve.servingsdk.impl.PluginsManager -  Loading snapshot serializer plugin...
2025-05-31T13:48:23,142 [INFO ] main org.pytorch.serve.servingsdk.impl.PluginsManager -  Loading snapshot serializer plugin...
2025-05-31T13:48:23,155 [WARN ] main org.pytorch.serve.util.ConfigManager - Your torchserve instance can access any URL to load models. When deploying to production, make sure to limit the set of allowed_urls in config.properties
2025-05-31T13:48:23,155 [WARN ] main org.pytorch.serve.util.ConfigManager - Your torchserve instance can access any URL to load models. When deploying to production, make sure to limit the set of allowed_urls in config.properties
2025-05-31T13:48:23,155 [INFO ] main org.pytorch.serve.servingsdk.impl.PluginsManager - Initializing plugins manager...
2025-05-31T13:48:23,155 [INFO ] main org.pytorch.serve.servingsdk.impl.PluginsManager - Initializing plugins manager...
2025-05-31T13:48:23,188 [INFO ] main org.pytorch.serve.metrics.configuration.MetricConfiguration - Successfully loaded metrics configuration from /usr/local/lib/python3.10/site-packages/ts/configs/metrics.yaml
2025-05-31T13:48:23,188 [INFO ] main org.pytorch.serve.metrics.configuration.MetricConfiguration - Successfully loaded metrics configuration from /usr/local/lib/python3.10/site-packages/ts/configs/metrics.yaml
2025-05-31T13:48:23,377 [INFO ] main org.pytorch.serve.ModelServer - 
Torchserve version: 0.10.0
TS Home: /usr/local/lib/python3.10/site-packages
Current directory: /home/model-server/model-store
Temp directory: /tmp
Metrics config path: /usr/local/lib/python3.10/site-packages/ts/configs/metrics.yaml
Number of GPUs: 0
Number of CPUs: 16
Max heap size: 3886 M
Python executable: /usr/local/bin/python3.10
Config file: N/A
Inference address: http://127.0.0.1:8080
Management address: http://127.0.0.1:8081
Metrics address: http://127.0.0.1:8082
Model Store: /home/model-server/model-store
Initial Models: my_model=/home/model-server/model-store/simple_model.mar
Log dir: /home/model-server/model-store/logs
Metrics dir: /home/model-server/model-store/logs
Netty threads: 0
Netty client threads: 0
Default workers per model: 16
Blacklist Regex: N/A
Maximum Response Size: 6553500
Maximum Request Size: 6553500
Limit Maximum Image Pixels: true
Prefer direct buffer: false
Allowed Urls: [file://.*|http(s)?://.*]
Custom python dependency for model allowed: false
Enable metrics API: true
Metrics mode: LOG
Disable system metrics: false
Workflow Store: /home/model-server/model-store
CPP log config: N/A
Model config: N/A
System metrics command: default
2025-05-31T13:48:23,377 [INFO ] main org.pytorch.serve.ModelServer - 
Torchserve version: 0.10.0
TS Home: /usr/local/lib/python3.10/site-packages
Current directory: /home/model-server/model-store
Temp directory: /tmp
Metrics config path: /usr/local/lib/python3.10/site-packages/ts/configs/metrics.yaml
Number of GPUs: 0
Number of CPUs: 16
Max heap size: 3886 M
Python executable: /usr/local/bin/python3.10
Config file: N/A
Inference address: http://127.0.0.1:8080
Management address: http://127.0.0.1:8081
Metrics address: http://127.0.0.1:8082
Model Store: /home/model-server/model-store
Initial Models: my_model=/home/model-server/model-store/simple_model.mar
Log dir: /home/model-server/model-store/logs
Metrics dir: /home/model-server/model-store/logs
Netty threads: 0
Netty client threads: 0
Default workers per model: 16
Blacklist Regex: N/A
Maximum Response Size: 6553500
Maximum Request Size: 6553500
Limit Maximum Image Pixels: true
Prefer direct buffer: false
Allowed Urls: [file://.*|http(s)?://.*]
Custom python dependency for model allowed: false
Enable metrics API: true
Metrics mode: LOG
Disable system metrics: false
Workflow Store: /home/model-server/model-store
CPP log config: N/A
Model config: N/A
System metrics command: default
2025-05-31T13:48:23,381 [INFO ] main org.pytorch.serve.ModelServer - Loading initial models: /home/model-server/model-store/simple_model.mar
2025-05-31T13:48:23,381 [INFO ] main org.pytorch.serve.ModelServer - Loading initial models: /home/model-server/model-store/simple_model.mar
2025-05-31T13:48:23,386 [INFO ] main org.pytorch.serve.archive.model.ModelArchive - createTempDir /tmp/models/e5363f20696d4db991949c7eb649c709
2025-05-31T13:48:23,386 [INFO ] main org.pytorch.serve.archive.model.ModelArchive - createTempDir /tmp/models/e5363f20696d4db991949c7eb649c709
2025-05-31T13:48:23,386 [WARN ] main org.pytorch.serve.ModelServer - Failed to load model: /home/model-server/model-store/simple_model.mar
org.pytorch.serve.archive.model.ModelNotFoundException: Model not found at: /home/model-server/model-store/simple_model.mar
	at org.pytorch.serve.archive.model.ModelArchive.downloadModel(ModelArchive.java:117) ~[model-server.jar:?]
	at org.pytorch.serve.wlm.ModelManager.createModelArchive(ModelManager.java:177) ~[model-server.jar:?]
	at org.pytorch.serve.wlm.ModelManager.registerModel(ModelManager.java:141) ~[model-server.jar:?]
	at org.pytorch.serve.ModelServer.initModelStore(ModelServer.java:261) [model-server.jar:?]
	at org.pytorch.serve.ModelServer.startRESTserver(ModelServer.java:393) [model-server.jar:?]
	at org.pytorch.serve.ModelServer.startAndWait(ModelServer.java:120) [model-server.jar:?]
	at org.pytorch.serve.ModelServer.main(ModelServer.java:101) [model-server.jar:?]
2025-05-31T13:48:23,386 [WARN ] main org.pytorch.serve.ModelServer - Failed to load model: /home/model-server/model-store/simple_model.mar
org.pytorch.serve.archive.model.ModelNotFoundException: Model not found at: /home/model-server/model-store/simple_model.mar
	at org.pytorch.serve.archive.model.ModelArchive.downloadModel(ModelArchive.java:117) ~[model-server.jar:?]
	at org.pytorch.serve.wlm.ModelManager.createModelArchive(ModelManager.java:177) ~[model-server.jar:?]
	at org.pytorch.serve.wlm.ModelManager.registerModel(ModelManager.java:141) ~[model-server.jar:?]
	at org.pytorch.serve.ModelServer.initModelStore(ModelServer.java:261) [model-server.jar:?]
	at org.pytorch.serve.ModelServer.startRESTserver(ModelServer.java:393) [model-server.jar:?]
	at org.pytorch.serve.ModelServer.startAndWait(ModelServer.java:120) [model-server.jar:?]
	at org.pytorch.serve.ModelServer.main(ModelServer.java:101) [model-server.jar:?]
2025-05-31T13:48:23,393 [INFO ] main org.pytorch.serve.ModelServer - Initialize Inference server with: EpollServerSocketChannel.
2025-05-31T13:48:23,393 [INFO ] main org.pytorch.serve.ModelServer - Initialize Inference server with: EpollServerSocketChannel.
2025-05-31T13:48:23,420 [INFO ] main org.pytorch.serve.ModelServer - Inference API bind to: http://127.0.0.1:8080
2025-05-31T13:48:23,420 [INFO ] main org.pytorch.serve.ModelServer - Inference API bind to: http://127.0.0.1:8080
2025-05-31T13:48:23,420 [INFO ] main org.pytorch.serve.ModelServer - Initialize Management server with: EpollServerSocketChannel.
2025-05-31T13:48:23,420 [INFO ] main org.pytorch.serve.ModelServer - Initialize Management server with: EpollServerSocketChannel.
2025-05-31T13:48:23,420 [INFO ] main org.pytorch.serve.ModelServer - Management API bind to: http://127.0.0.1:8081
2025-05-31T13:48:23,420 [INFO ] main org.pytorch.serve.ModelServer - Management API bind to: http://127.0.0.1:8081
2025-05-31T13:48:23,421 [INFO ] main org.pytorch.serve.ModelServer - Initialize Metrics server with: EpollServerSocketChannel.
2025-05-31T13:48:23,421 [INFO ] main org.pytorch.serve.ModelServer - Initialize Metrics server with: EpollServerSocketChannel.
2025-05-31T13:48:23,421 [INFO ] main org.pytorch.serve.ModelServer - Metrics API bind to: http://127.0.0.1:8082
2025-05-31T13:48:23,421 [INFO ] main org.pytorch.serve.ModelServer - Metrics API bind to: http://127.0.0.1:8082
2025-05-31T13:48:23,606 [INFO ] pool-3-thread-1 TS_METRICS - CPUUtilization.Percent:0.0|#Level:Host|#hostname:8173e5a25b43,timestamp:1748699303
2025-05-31T13:48:23,606 [INFO ] pool-3-thread-1 TS_METRICS - DiskAvailable.Gigabytes:851.828296661377|#Level:Host|#hostname:8173e5a25b43,timestamp:1748699303
2025-05-31T13:48:23,607 [INFO ] pool-3-thread-1 TS_METRICS - DiskUsage.Gigabytes:103.81001281738281|#Level:Host|#hostname:8173e5a25b43,timestamp:1748699303
2025-05-31T13:48:23,607 [INFO ] pool-3-thread-1 TS_METRICS - DiskUtilization.Percent:10.9|#Level:Host|#hostname:8173e5a25b43,timestamp:1748699303
2025-05-31T13:48:23,607 [INFO ] pool-3-thread-1 TS_METRICS - MemoryAvailable.Megabytes:13770.29296875|#Level:Host|#hostname:8173e5a25b43,timestamp:1748699303
2025-05-31T13:48:23,608 [INFO ] pool-3-thread-1 TS_METRICS - MemoryUsed.Megabytes:1445.640625|#Level:Host|#hostname:8173e5a25b43,timestamp:1748699303
2025-05-31T13:48:23,608 [INFO ] pool-3-thread-1 TS_METRICS - MemoryUtilization.Percent:11.4|#Level:Host|#hostname:8173e5a25b43,timestamp:1748699303
2025-05-31T13:48:54,345 [INFO ] main org.pytorch.serve.servingsdk.impl.PluginsManager -  Loading snapshot serializer plugin...
2025-05-31T13:48:54,345 [INFO ] main org.pytorch.serve.servingsdk.impl.PluginsManager -  Loading snapshot serializer plugin...
2025-05-31T13:48:54,365 [WARN ] main org.pytorch.serve.util.ConfigManager - Your torchserve instance can access any URL to load models. When deploying to production, make sure to limit the set of allowed_urls in config.properties
2025-05-31T13:48:54,365 [WARN ] main org.pytorch.serve.util.ConfigManager - Your torchserve instance can access any URL to load models. When deploying to production, make sure to limit the set of allowed_urls in config.properties
2025-05-31T13:48:54,365 [INFO ] main org.pytorch.serve.servingsdk.impl.PluginsManager - Initializing plugins manager...
2025-05-31T13:48:54,365 [INFO ] main org.pytorch.serve.servingsdk.impl.PluginsManager - Initializing plugins manager...
2025-05-31T13:48:54,399 [INFO ] main org.pytorch.serve.metrics.configuration.MetricConfiguration - Successfully loaded metrics configuration from /usr/local/lib/python3.10/site-packages/ts/configs/metrics.yaml
2025-05-31T13:48:54,399 [INFO ] main org.pytorch.serve.metrics.configuration.MetricConfiguration - Successfully loaded metrics configuration from /usr/local/lib/python3.10/site-packages/ts/configs/metrics.yaml
2025-05-31T13:48:54,600 [INFO ] main org.pytorch.serve.ModelServer - 
Torchserve version: 0.10.0
TS Home: /usr/local/lib/python3.10/site-packages
Current directory: /home/model-server/model-store
Temp directory: /tmp
Metrics config path: /usr/local/lib/python3.10/site-packages/ts/configs/metrics.yaml
Number of GPUs: 0
Number of CPUs: 16
Max heap size: 3886 M
Python executable: /usr/local/bin/python3.10
Config file: logs/config/20250531134853419-shutdown.cfg
Inference address: http://127.0.0.1:8080
Management address: http://127.0.0.1:8081
Metrics address: http://127.0.0.1:8082
Model Store: /home/model-server/model-store
Initial Models: my_model=simple_model.mar
Log dir: /home/model-server/model-store/logs
Metrics dir: /home/model-server/model-store/logs
Netty threads: 0
Netty client threads: 0
Default workers per model: 16
Blacklist Regex: N/A
Maximum Response Size: 6553500
Maximum Request Size: 6553500
Limit Maximum Image Pixels: true
Prefer direct buffer: false
Allowed Urls: [file://.*|http(s)?://.*]
Custom python dependency for model allowed: false
Enable metrics API: true
Metrics mode: LOG
Disable system metrics: false
Workflow Store: /home/model-server/model-store
CPP log config: N/A
Model config: N/A
System metrics command: default
2025-05-31T13:48:54,600 [INFO ] main org.pytorch.serve.ModelServer - 
Torchserve version: 0.10.0
TS Home: /usr/local/lib/python3.10/site-packages
Current directory: /home/model-server/model-store
Temp directory: /tmp
Metrics config path: /usr/local/lib/python3.10/site-packages/ts/configs/metrics.yaml
Number of GPUs: 0
Number of CPUs: 16
Max heap size: 3886 M
Python executable: /usr/local/bin/python3.10
Config file: logs/config/20250531134853419-shutdown.cfg
Inference address: http://127.0.0.1:8080
Management address: http://127.0.0.1:8081
Metrics address: http://127.0.0.1:8082
Model Store: /home/model-server/model-store
Initial Models: my_model=simple_model.mar
Log dir: /home/model-server/model-store/logs
Metrics dir: /home/model-server/model-store/logs
Netty threads: 0
Netty client threads: 0
Default workers per model: 16
Blacklist Regex: N/A
Maximum Response Size: 6553500
Maximum Request Size: 6553500
Limit Maximum Image Pixels: true
Prefer direct buffer: false
Allowed Urls: [file://.*|http(s)?://.*]
Custom python dependency for model allowed: false
Enable metrics API: true
Metrics mode: LOG
Disable system metrics: false
Workflow Store: /home/model-server/model-store
CPP log config: N/A
Model config: N/A
System metrics command: default
2025-05-31T13:48:54,604 [INFO ] main org.pytorch.serve.snapshot.SnapshotManager - Started restoring models from snapshot {
  "name": "20250531134853419-shutdown.cfg",
  "modelCount": 0,
  "created": 1748699333419,
  "models": {}
}
2025-05-31T13:48:54,604 [INFO ] main org.pytorch.serve.snapshot.SnapshotManager - Started restoring models from snapshot {
  "name": "20250531134853419-shutdown.cfg",
  "modelCount": 0,
  "created": 1748699333419,
  "models": {}
}
2025-05-31T13:48:54,608 [INFO ] main org.pytorch.serve.snapshot.SnapshotManager - Validating snapshot 20250531134853419-shutdown.cfg
2025-05-31T13:48:54,608 [INFO ] main org.pytorch.serve.snapshot.SnapshotManager - Validating snapshot 20250531134853419-shutdown.cfg
2025-05-31T13:48:54,608 [INFO ] main org.pytorch.serve.snapshot.SnapshotManager - Snapshot 20250531134853419-shutdown.cfg validated successfully
2025-05-31T13:48:54,608 [INFO ] main org.pytorch.serve.snapshot.SnapshotManager - Snapshot 20250531134853419-shutdown.cfg validated successfully
2025-05-31T13:48:54,608 [WARN ] main org.pytorch.serve.snapshot.SnapshotManager - Model snapshot is empty. Starting TorchServe without initial models.
2025-05-31T13:48:54,608 [WARN ] main org.pytorch.serve.snapshot.SnapshotManager - Model snapshot is empty. Starting TorchServe without initial models.
2025-05-31T13:48:54,609 [INFO ] main org.pytorch.serve.ModelServer - Initialize Inference server with: EpollServerSocketChannel.
2025-05-31T13:48:54,609 [INFO ] main org.pytorch.serve.ModelServer - Initialize Inference server with: EpollServerSocketChannel.
2025-05-31T13:48:54,636 [INFO ] main org.pytorch.serve.ModelServer - Inference API bind to: http://127.0.0.1:8080
2025-05-31T13:48:54,636 [INFO ] main org.pytorch.serve.ModelServer - Inference API bind to: http://127.0.0.1:8080
2025-05-31T13:48:54,637 [INFO ] main org.pytorch.serve.ModelServer - Initialize Management server with: EpollServerSocketChannel.
2025-05-31T13:48:54,637 [INFO ] main org.pytorch.serve.ModelServer - Initialize Management server with: EpollServerSocketChannel.
2025-05-31T13:48:54,638 [INFO ] main org.pytorch.serve.ModelServer - Management API bind to: http://127.0.0.1:8081
2025-05-31T13:48:54,638 [INFO ] main org.pytorch.serve.ModelServer - Management API bind to: http://127.0.0.1:8081
2025-05-31T13:48:54,638 [INFO ] main org.pytorch.serve.ModelServer - Initialize Metrics server with: EpollServerSocketChannel.
2025-05-31T13:48:54,638 [INFO ] main org.pytorch.serve.ModelServer - Initialize Metrics server with: EpollServerSocketChannel.
2025-05-31T13:48:54,638 [INFO ] main org.pytorch.serve.ModelServer - Metrics API bind to: http://127.0.0.1:8082
2025-05-31T13:48:54,638 [INFO ] main org.pytorch.serve.ModelServer - Metrics API bind to: http://127.0.0.1:8082
2025-05-31T13:48:54,809 [INFO ] pool-3-thread-1 TS_METRICS - CPUUtilization.Percent:0.0|#Level:Host|#hostname:8173e5a25b43,timestamp:1748699334
2025-05-31T13:48:54,810 [INFO ] pool-3-thread-1 TS_METRICS - DiskAvailable.Gigabytes:851.8282661437988|#Level:Host|#hostname:8173e5a25b43,timestamp:1748699334
2025-05-31T13:48:54,810 [INFO ] pool-3-thread-1 TS_METRICS - DiskUsage.Gigabytes:103.81004333496094|#Level:Host|#hostname:8173e5a25b43,timestamp:1748699334
2025-05-31T13:48:54,811 [INFO ] pool-3-thread-1 TS_METRICS - DiskUtilization.Percent:10.9|#Level:Host|#hostname:8173e5a25b43,timestamp:1748699334
2025-05-31T13:48:54,811 [INFO ] pool-3-thread-1 TS_METRICS - MemoryAvailable.Megabytes:13765.2734375|#Level:Host|#hostname:8173e5a25b43,timestamp:1748699334
2025-05-31T13:48:54,811 [INFO ] pool-3-thread-1 TS_METRICS - MemoryUsed.Megabytes:1450.66015625|#Level:Host|#hostname:8173e5a25b43,timestamp:1748699334
2025-05-31T13:48:54,811 [INFO ] pool-3-thread-1 TS_METRICS - MemoryUtilization.Percent:11.4|#Level:Host|#hostname:8173e5a25b43,timestamp:1748699334
2025-05-31T13:49:53,820 [INFO ] pool-3-thread-1 TS_METRICS - CPUUtilization.Percent:25.0|#Level:Host|#hostname:8173e5a25b43,timestamp:1748699393
2025-05-31T13:49:53,820 [INFO ] pool-3-thread-1 TS_METRICS - DiskAvailable.Gigabytes:851.8282585144043|#Level:Host|#hostname:8173e5a25b43,timestamp:1748699393
2025-05-31T13:49:53,820 [INFO ] pool-3-thread-1 TS_METRICS - DiskUsage.Gigabytes:103.81005096435547|#Level:Host|#hostname:8173e5a25b43,timestamp:1748699393
2025-05-31T13:49:53,821 [INFO ] pool-3-thread-1 TS_METRICS - DiskUtilization.Percent:10.9|#Level:Host|#hostname:8173e5a25b43,timestamp:1748699393
2025-05-31T13:49:53,821 [INFO ] pool-3-thread-1 TS_METRICS - MemoryAvailable.Megabytes:13757.78125|#Level:Host|#hostname:8173e5a25b43,timestamp:1748699393
2025-05-31T13:49:53,821 [INFO ] pool-3-thread-1 TS_METRICS - MemoryUsed.Megabytes:1457.8359375|#Level:Host|#hostname:8173e5a25b43,timestamp:1748699393
2025-05-31T13:49:53,821 [INFO ] pool-3-thread-1 TS_METRICS - MemoryUtilization.Percent:11.5|#Level:Host|#hostname:8173e5a25b43,timestamp:1748699393
2025-05-31T13:50:51,661 [INFO ] pool-3-thread-1 TS_METRICS - CPUUtilization.Percent:0.0|#Level:Host|#hostname:8173e5a25b43,timestamp:1748699451
2025-05-31T13:50:51,662 [INFO ] pool-3-thread-1 TS_METRICS - DiskAvailable.Gigabytes:851.828254699707|#Level:Host|#hostname:8173e5a25b43,timestamp:1748699451
2025-05-31T13:50:51,662 [INFO ] pool-3-thread-1 TS_METRICS - DiskUsage.Gigabytes:103.81005477905273|#Level:Host|#hostname:8173e5a25b43,timestamp:1748699451
2025-05-31T13:50:51,663 [INFO ] pool-3-thread-1 TS_METRICS - DiskUtilization.Percent:10.9|#Level:Host|#hostname:8173e5a25b43,timestamp:1748699451
2025-05-31T13:50:51,663 [INFO ] pool-3-thread-1 TS_METRICS - MemoryAvailable.Megabytes:13759.57421875|#Level:Host|#hostname:8173e5a25b43,timestamp:1748699451
2025-05-31T13:50:51,663 [INFO ] pool-3-thread-1 TS_METRICS - MemoryUsed.Megabytes:1456.0390625|#Level:Host|#hostname:8173e5a25b43,timestamp:1748699451
2025-05-31T13:50:51,663 [INFO ] pool-3-thread-1 TS_METRICS - MemoryUtilization.Percent:11.5|#Level:Host|#hostname:8173e5a25b43,timestamp:1748699451
2025-05-31T13:51:49,529 [INFO ] pool-3-thread-1 TS_METRICS - CPUUtilization.Percent:25.0|#Level:Host|#hostname:8173e5a25b43,timestamp:1748699509
2025-05-31T13:51:49,529 [INFO ] pool-3-thread-1 TS_METRICS - DiskAvailable.Gigabytes:851.8282508850098|#Level:Host|#hostname:8173e5a25b43,timestamp:1748699509
2025-05-31T13:51:49,529 [INFO ] pool-3-thread-1 TS_METRICS - DiskUsage.Gigabytes:103.81005859375|#Level:Host|#hostname:8173e5a25b43,timestamp:1748699509
2025-05-31T13:51:49,530 [INFO ] pool-3-thread-1 TS_METRICS - DiskUtilization.Percent:10.9|#Level:Host|#hostname:8173e5a25b43,timestamp:1748699509
2025-05-31T13:51:49,530 [INFO ] pool-3-thread-1 TS_METRICS - MemoryAvailable.Megabytes:13759.2421875|#Level:Host|#hostname:8173e5a25b43,timestamp:1748699509
2025-05-31T13:51:49,530 [INFO ] pool-3-thread-1 TS_METRICS - MemoryUsed.Megabytes:1456.37890625|#Level:Host|#hostname:8173e5a25b43,timestamp:1748699509
2025-05-31T13:51:49,530 [INFO ] pool-3-thread-1 TS_METRICS - MemoryUtilization.Percent:11.5|#Level:Host|#hostname:8173e5a25b43,timestamp:1748699509
2025-05-31T13:52:47,527 [INFO ] pool-3-thread-1 TS_METRICS - CPUUtilization.Percent:0.0|#Level:Host|#hostname:8173e5a25b43,timestamp:1748699567
2025-05-31T13:52:47,527 [INFO ] pool-3-thread-1 TS_METRICS - DiskAvailable.Gigabytes:851.8282508850098|#Level:Host|#hostname:8173e5a25b43,timestamp:1748699567
2025-05-31T13:52:47,528 [INFO ] pool-3-thread-1 TS_METRICS - DiskUsage.Gigabytes:103.81005859375|#Level:Host|#hostname:8173e5a25b43,timestamp:1748699567
2025-05-31T13:52:47,528 [INFO ] pool-3-thread-1 TS_METRICS - DiskUtilization.Percent:10.9|#Level:Host|#hostname:8173e5a25b43,timestamp:1748699567
2025-05-31T13:52:47,528 [INFO ] pool-3-thread-1 TS_METRICS - MemoryAvailable.Megabytes:13756.54296875|#Level:Host|#hostname:8173e5a25b43,timestamp:1748699567
2025-05-31T13:52:47,528 [INFO ] pool-3-thread-1 TS_METRICS - MemoryUsed.Megabytes:1459.0703125|#Level:Host|#hostname:8173e5a25b43,timestamp:1748699567
2025-05-31T13:52:47,528 [INFO ] pool-3-thread-1 TS_METRICS - MemoryUtilization.Percent:11.5|#Level:Host|#hostname:8173e5a25b43,timestamp:1748699567
