2025-05-31T13:48:23,606 - CPUUtilization.Percent:0.0|#Level:Host|#hostname:8173e5a25b43,timestamp:1748699303
2025-05-31T13:48:23,606 - DiskAvailable.Gigabytes:851.828296661377|#Level:Host|#hostname:8173e5a25b43,timestamp:1748699303
2025-05-31T13:48:23,607 - DiskUsage.Gigabytes:103.81001281738281|#Level:Host|#hostname:8173e5a25b43,timestamp:1748699303
2025-05-31T13:48:23,607 - DiskUtilization.Percent:10.9|#Level:Host|#hostname:8173e5a25b43,timestamp:1748699303
2025-05-31T13:48:23,607 - MemoryAvailable.Megabytes:13770.29296875|#Level:Host|#hostname:8173e5a25b43,timestamp:1748699303
2025-05-31T13:48:23,608 - MemoryUsed.Megabytes:1445.640625|#Level:Host|#hostname:8173e5a25b43,timestamp:1748699303
2025-05-31T13:48:23,608 - MemoryUtilization.Percent:11.4|#Level:Host|#hostname:8173e5a25b43,timestamp:1748699303
2025-05-31T13:48:54,809 - CPUUtilization.Percent:0.0|#Level:Host|#hostname:8173e5a25b43,timestamp:1748699334
2025-05-31T13:48:54,810 - DiskAvailable.Gigabytes:851.8282661437988|#Level:Host|#hostname:8173e5a25b43,timestamp:1748699334
2025-05-31T13:48:54,810 - DiskUsage.Gigabytes:103.81004333496094|#Level:Host|#hostname:8173e5a25b43,timestamp:1748699334
2025-05-31T13:48:54,811 - DiskUtilization.Percent:10.9|#Level:Host|#hostname:8173e5a25b43,timestamp:1748699334
2025-05-31T13:48:54,811 - MemoryAvailable.Megabytes:13765.2734375|#Level:Host|#hostname:8173e5a25b43,timestamp:1748699334
2025-05-31T13:48:54,811 - MemoryUsed.Megabytes:1450.66015625|#Level:Host|#hostname:8173e5a25b43,timestamp:1748699334
2025-05-31T13:48:54,811 - MemoryUtilization.Percent:11.4|#Level:Host|#hostname:8173e5a25b43,timestamp:1748699334
2025-05-31T13:49:53,820 - CPUUtilization.Percent:25.0|#Level:Host|#hostname:8173e5a25b43,timestamp:1748699393
2025-05-31T13:49:53,820 - DiskAvailable.Gigabytes:851.8282585144043|#Level:Host|#hostname:8173e5a25b43,timestamp:1748699393
2025-05-31T13:49:53,820 - DiskUsage.Gigabytes:103.81005096435547|#Level:Host|#hostname:8173e5a25b43,timestamp:1748699393
2025-05-31T13:49:53,821 - DiskUtilization.Percent:10.9|#Level:Host|#hostname:8173e5a25b43,timestamp:1748699393
2025-05-31T13:49:53,821 - MemoryAvailable.Megabytes:13757.78125|#Level:Host|#hostname:8173e5a25b43,timestamp:1748699393
2025-05-31T13:49:53,821 - MemoryUsed.Megabytes:1457.8359375|#Level:Host|#hostname:8173e5a25b43,timestamp:1748699393
2025-05-31T13:49:53,821 - MemoryUtilization.Percent:11.5|#Level:Host|#hostname:8173e5a25b43,timestamp:1748699393
2025-05-31T13:50:51,661 - CPUUtilization.Percent:0.0|#Level:Host|#hostname:8173e5a25b43,timestamp:1748699451
2025-05-31T13:50:51,662 - DiskAvailable.Gigabytes:851.828254699707|#Level:Host|#hostname:8173e5a25b43,timestamp:1748699451
2025-05-31T13:50:51,662 - DiskUsage.Gigabytes:103.81005477905273|#Level:Host|#hostname:8173e5a25b43,timestamp:1748699451
2025-05-31T13:50:51,663 - DiskUtilization.Percent:10.9|#Level:Host|#hostname:8173e5a25b43,timestamp:1748699451
2025-05-31T13:50:51,663 - MemoryAvailable.Megabytes:13759.57421875|#Level:Host|#hostname:8173e5a25b43,timestamp:1748699451
2025-05-31T13:50:51,663 - MemoryUsed.Megabytes:1456.0390625|#Level:Host|#hostname:8173e5a25b43,timestamp:1748699451
2025-05-31T13:50:51,663 - MemoryUtilization.Percent:11.5|#Level:Host|#hostname:8173e5a25b43,timestamp:1748699451
2025-05-31T13:51:49,529 - CPUUtilization.Percent:25.0|#Level:Host|#hostname:8173e5a25b43,timestamp:1748699509
2025-05-31T13:51:49,529 - DiskAvailable.Gigabytes:851.8282508850098|#Level:Host|#hostname:8173e5a25b43,timestamp:1748699509
2025-05-31T13:51:49,529 - DiskUsage.Gigabytes:103.81005859375|#Level:Host|#hostname:8173e5a25b43,timestamp:1748699509
2025-05-31T13:51:49,530 - DiskUtilization.Percent:10.9|#Level:Host|#hostname:8173e5a25b43,timestamp:1748699509
2025-05-31T13:51:49,530 - MemoryAvailable.Megabytes:13759.2421875|#Level:Host|#hostname:8173e5a25b43,timestamp:1748699509
2025-05-31T13:51:49,530 - MemoryUsed.Megabytes:1456.37890625|#Level:Host|#hostname:8173e5a25b43,timestamp:1748699509
2025-05-31T13:51:49,530 - MemoryUtilization.Percent:11.5|#Level:Host|#hostname:8173e5a25b43,timestamp:1748699509
2025-05-31T13:52:47,527 - CPUUtilization.Percent:0.0|#Level:Host|#hostname:8173e5a25b43,timestamp:1748699567
2025-05-31T13:52:47,527 - DiskAvailable.Gigabytes:851.8282508850098|#Level:Host|#hostname:8173e5a25b43,timestamp:1748699567
2025-05-31T13:52:47,528 - DiskUsage.Gigabytes:103.81005859375|#Level:Host|#hostname:8173e5a25b43,timestamp:1748699567
2025-05-31T13:52:47,528 - DiskUtilization.Percent:10.9|#Level:Host|#hostname:8173e5a25b43,timestamp:1748699567
2025-05-31T13:52:47,528 - MemoryAvailable.Megabytes:13756.54296875|#Level:Host|#hostname:8173e5a25b43,timestamp:1748699567
2025-05-31T13:52:47,528 - MemoryUsed.Megabytes:1459.0703125|#Level:Host|#hostname:8173e5a25b43,timestamp:1748699567
2025-05-31T13:52:47,528 - MemoryUtilization.Percent:11.5|#Level:Host|#hostname:8173e5a25b43,timestamp:1748699567
